     1                                  org	0x7c00
     2                                  
     3 00000000 EB4E90                  db	0xeb, 0x4e, 0x90;
     4 00000003 48454C4C4F49504C        db	"HELLOIPL";
     5 0000000B 0002                    dw	512;
     6 0000000D 01                      db	1;
     7 0000000E 0100                    dw	1;
     8 00000010 02                      db	2;
     9 00000011 E000                    dw	224;
    10 00000013 400B                    dw	2880;
    11 00000015 F0                      db	0xf0
    12 00000016 0900                    dw	9
    13 00000018 1200                    dw	18
    14 0000001A 0200                    dw	2
    15 0000001C 00000000                dd 0
    16 00000020 400B0000                dd 2880
    17 00000024 000029                  db 0,0,0x29
    18 00000027 FFFFFFFF                dd	0xffffffff
    19 0000002B 48454C4C4F2D4F5320-     db	"HELLO-OS   "
    19 00000034 2020               
    20 00000036 4641543132202020        db	"FAT12   "
    21 0000003E 00<rept>                times	18	db	0
    22                                  
    23                                  ; プログラム本体
    24                                  
    25                                  entry:
    26 00000050 B80000                  	mov	ax,0
    27 00000053 8ED0                    	mov	ss,ax
    28 00000055 BC007C                  	mov	sp,0x7c00
    29 00000058 8ED8                    	mov	ds,ax
    30                                  	
    31 0000005A BE[7200]                	mov	si,msg
    32                                  	
    33                                  putloop:
    34 0000005D 8A04                    	mov al,[si]
    35 0000005F 83C601                  	add si,1
    36 00000062 3C00                    	cmp al,0
    37 00000064 7409                    	je	fin
    38 00000066 B40E                    	mov	ah,0x0e
    39 00000068 BB0F00                  	mov bx,15
    40 0000006B CD10                    	int	0x10
    41 0000006D EBEE                    	jmp	putloop
    42                                  
    43                                  fin:
    44 0000006F F4                      	hlt
    45 00000070 EBFD                    	jmp	fin
    46                                  
    47                                  msg:
    48 00000072 0A0A                    	db	0x0a,0x0a
    49 00000074 48656C6C6F2C20776F-     	db	"Hello, world, 2days"
    49 0000007D 726C642C2032646179-
    49 00000086 73                 
    50 00000087 0A                      	db	0x0a
    51 00000088 00                      	db	0
    52 00000089 00<rept>                	times	0x7dfe-0x7c00-($-$$)	db	0
    53 000001FE 55AA                    	db 0x55,0xaa
    54                                  
    55                                  ;以下はブートセクタ以外の部分の記述
    56                                  ;db	0xf0,0xff,0xff,0x00,0x00,0x00,0x00,0x00
    57                                  ;times 4600 db 0
    58                                  ;db 0xf0,0xff,0xff,0x00,0x00,0x00,0x00,0x00
    59                                  ;times 1469432 db 0
    60                                  
    61                                  
